node.exe : FAIL tests/ai-core.test.js
No linha:1 caractere:1
+ & "C:\Program Files\nodejs/node.exe" "C:\Program Files\nodejs/node_mo ...
+ ~~~~~~~~~~~~~~~~~~~~~~~~~~~~~~~~~~~~~~~~~~~~~~~~~~~~~~~~~~~~~~~~~~~~~
    + CategoryInfo          : NotSpecified: (FAIL tests/ai-core.test.js:String) [], RemoteException
    + FullyQualifiedErrorId : NativeCommandError
 
  AI Core Tests
    AIMobController
      ÔêÜ should initialize with correct properties (2 ms)
      ÔêÜ should setup behavior profiles
      ÔêÜ should add and remove mob (1 ms)
      ÔêÜ should transition state
      ÔêÜ should get statistics (1 ms)
      ÔêÜ should evaluate decision tree
    PathfindingSystem
      ├ù should initialize grid (1 ms)
      ÔêÜ should convert world to grid (2 ms)
      ├ù should validate positions (1 ms)
      ÔêÜ should find simple path
      ÔêÜ should check line of sight
      ├ù should get statistics
    AIBossController
      ├ù should initialize correctly (1 ms)
      ÔêÜ should setup tactical profiles
      ÔêÜ should setup ability patterns
      ÔêÜ should add and remove boss (1 ms)
      ÔêÜ should get tactical profile
      ÔêÜ should evaluate direct assault
      ├ù should update boss AI
      ├ù should record player pattern
      ÔêÜ should get statistics

  ÔùÅ AI Core Tests ÔÇ║ PathfindingSystem ÔÇ║ should initialize grid

    expect(received).toBeGreaterThan(expected)

    Matcher error: received value must be a number or bigint

    Received has value: undefined

    [0m [90m 82 |[39m         test([32m'should initialize grid'[39m[33m,[39m () [33m=>[39m {
     [90m 83 |[39m             pathfindingSystem[33m.[39minitialize([35m100[39m[33m,[39m 
[35m100[39m)[33m;[39m
    [31m[1m>[22m[39m[90m 84 |[39m             
expect(pathfindingSystem[33m.[39mgridWidth)[33m.[39mtoBeGreaterThan([35m0[39m)[33m;[39m
     [90m    |[39m                                                 [31m[1m^[22m[39m
     [90m 85 |[39m         })[33m;[39m
     [90m 86 |[39m
     [90m 87 |[39m         test([32m'should convert world to grid'[39m[33m,[39m () [33m=>[39m {[0m

      at Object.toBeGreaterThan (tests/ai-core.test.js:84:49)

  ÔùÅ AI Core Tests ÔÇ║ PathfindingSystem ÔÇ║ should validate positions

    expect(received).toBe(expected) // Object.is equality

    Expected: true
    Received: false

    [0m [90m 94 |[39m         test([32m'should validate positions'[39m[33m,[39m () [33m=>[39m {
     [90m 95 |[39m             pathfindingSystem[33m.[39minitialize([35m100[39m[33m,[39m 
[35m100[39m)[33m;[39m
    [31m[1m>[22m[39m[90m 96 |[39m             expect(pathfindingSystem[33m.[39misValidPosition({ x[33m:[39m 
[35m50[39m[33m,[39m y[33m:[39m [35m50[39m }))[33m.[39mtoBe([36mtrue[39m)[33m;[39m
     [90m    |[39m                                                                         [31m[1m^[22m[39m
     [90m 97 |[39m             expect(pathfindingSystem[33m.[39misValidPosition({ x[33m:[39m 
[33m-[39m[35m10[39m[33m,[39m y[33m:[39m [35m50[39m }))[33m.[39mtoBe([36mfalse[39m)[33m;[39m
     [90m 98 |[39m         })[33m;[39m
     [90m 99 |[39m[0m

      at Object.toBe (tests/ai-core.test.js:96:73)

  ÔùÅ AI Core Tests ÔÇ║ PathfindingSystem ÔÇ║ should get statistics

    expect(received).toHaveProperty(path)

    Expected path: "totalRequests"
    Received path: []

    Received value: {"averageCalculationTime": 0, "averagePathLength": 0, "cacheHitRate": NaN, "cacheHits": 0, 
"cacheMisses": 0, "cacheSize": 0, "dynamicObstacles": 0, "gridSize": "0x0", "movingEntities": 0, "pathsCalculated": 0}

    [0m [90m 112 |[39m         test([32m'should get statistics'[39m[33m,[39m () [33m=>[39m {
     [90m 113 |[39m             [36mconst[39m stats [33m=[39m 
pathfindingSystem[33m.[39mgetStatistics()[33m;[39m
    [31m[1m>[22m[39m[90m 114 |[39m             
expect(stats)[33m.[39mtoHaveProperty([32m'totalRequests'[39m)[33m;[39m
     [90m     |[39m                           [31m[1m^[22m[39m
     [90m 115 |[39m         })[33m;[39m
     [90m 116 |[39m     })[33m;[39m
     [90m 117 |[39m[0m

      at Object.toHaveProperty (tests/ai-core.test.js:114:27)

  ÔùÅ AI Core Tests ÔÇ║ AIBossController ÔÇ║ should initialize correctly

    expect(received).toBe(expected) // Object.is equality

    Expected: "object"
    Received: "undefined"

    [0m [90m 120 |[39m             
expect(aiBossController[33m.[39mbosses)[33m.[39mtoBeInstanceOf([33mMap[39m)[33m;[39m
     [90m 121 |[39m             
expect(aiBossController[33m.[39mtactics)[33m.[39mtoBeInstanceOf([33mMap[39m)[33m;[39m
    [31m[1m>[22m[39m[90m 122 |[39m             expect([36mtypeof[39m 
aiBossController[33m.[39mabilityPatterns)[33m.[39mtoBe([32m'object'[39m)[33m;[39m
     [90m     |[39m                                                             [31m[1m^[22m[39m
     [90m 123 |[39m         })[33m;[39m
     [90m 124 |[39m
     [90m 125 |[39m         test([32m'should setup tactical profiles'[39m[33m,[39m () [33m=>[39m {[0m

      at Object.toBe (tests/ai-core.test.js:122:61)

  ÔùÅ AI Core Tests ÔÇ║ AIBossController ÔÇ║ should update boss AI

    TypeError: aiBossController.updateBossAI is not a function

    [0m [90m 165 |[39m             [36mconst[39m bossData [33m=[39m { id[33m:[39m 
[32m'update_boss'[39m[33m,[39m type[33m:[39m [32m'dragon'[39m[33m,[39m position[33m:[39m { x[33m:[39m 
[35m500[39m[33m,[39m y[33m:[39m [35m500[39m }[33m,[39m stats[33m:[39m { hp[33m:[39m 
[35m1000[39m[33m,[39m maxHp[33m:[39m [35m1000[39m } }[33m;[39m
     [90m 166 |[39m             aiBossController[33m.[39maddBoss(bossData)[33m;[39m
    [31m[1m>[22m[39m[90m 167 |[39m             
aiBossController[33m.[39mupdateBossAI([32m'update_boss'[39m)[33m;[39m
     [90m     |[39m                              [31m[1m^[22m[39m
     [90m 168 |[39m             expect(aiBossController[33m.[39mbosses[33m.[39m[36mget[39m([32m'update_boss'[
39m))[33m.[39mtoBeDefined()[33m;[39m
     [90m 169 |[39m         })[33m;[39m
     [90m 170 |[39m[0m

      at Object.updateBossAI (tests/ai-core.test.js:167:30)

  ÔùÅ AI Core Tests ÔÇ║ AIBossController ÔÇ║ should record player pattern

    TypeError: aiBossController.recordPlayerPattern is not a function

    [0m [90m 173 |[39m             [36mconst[39m bossData [33m=[39m { id[33m:[39m 
[32m'pattern_boss'[39m[33m,[39m type[33m:[39m [32m'dragon'[39m[33m,[39m position[33m:[39m { x[33m:[39m 
[35m500[39m[33m,[39m y[33m:[39m [35m500[39m }[33m,[39m stats[33m:[39m { hp[33m:[39m 
[35m1000[39m[33m,[39m maxHp[33m:[39m [35m1000[39m } }[33m;[39m
     [90m 174 |[39m             aiBossController[33m.[39maddBoss(bossData)[33m;[39m
    [31m[1m>[22m[39m[90m 175 |[39m             
aiBossController[33m.[39mrecordPlayerPattern([32m'pattern_boss'[39m[33m,[39m [32m'player1'[39m[33m,[39m { 
type[33m:[39m [32m'attack'[39m[33m,[39m damage[33m:[39m [35m50[39m })[33m;[39m
     [90m     |[39m                              [31m[1m^[22m[39m
     [90m 176 |[39m             expect(aiBossController[33m.[39mbosses[33m.[39m[36mget[39m([32m'pattern_boss'
[39m)[33m.[39mplayerPatterns[33m.[39mhas([32m'player1'[39m))[33m.[39mtoBe([36mtrue[39m)[33m;[39m
     [90m 177 |[39m         })[33m;[39m
     [90m 178 |[39m[0m

      at Object.recordPlayerPattern (tests/ai-core.test.js:175:30)

Test Suites: 1 failed, 1 total
Tests:       6 failed, 15 passed, 21 total
Snapshots:   0 total
Time:        0.611 s, estimated 1 s
Ran all test suites matching /tests\\ai-core.test.js/i.
